chain on bld -- http://mvsdev.lan:8085 as HERC01
  1 MAINT06@   MAINT06@/JOB00914  CC 0000
  2 MAINT06A   MAINT06A/JOB00915  CC 0000
  3 MAINT06B   MAINT06B/JOB00916  CC 0004
  4 MAINT06C   MAINT06C/JOB00917  CC 0000
  5 MAINT06D   MAINT06D/JOB00918  CC 0000
  6 MAINT06E   MAINT06E/JOB00919  CC 0004
  7 MAINT06F   MAINT06F/JOB00920  CC 0000
  8 MAINT06G   MAINT06G/JOB00921  CC 0004
  9 MAINT06H   MAINT06H/JOB00922  CC 0004
 10 MAINT06I   MAINT06I/JOB00923  CC 0000
 11 MAINT06J   MAINT06J/JOB00924  CC 0000
 12 MAINT06K   MAINT06K/JOB00925  CC 0004
 13 MAINT06L   MAINT06L/JOB00926  CC 0000
 14 MAINT061   MAINT061/JOB00927  CC 0000
 15 MAINT062   MAINT062/JOB00928  CC 0000
 16 MAINT063   MAINT063/JOB00929  CC 0004
     crossing MVSSRC.BLD.SMP.JCL1 -> MVSSRC.BLD.SMP.JCL2 (MAINT07@)
 17 MAINT07@   MAINT07@/JOB00930  CC 0000
 18 MAINT07A   MAINT07A/JOB00931  CC 0008
    kept: SMPOUT(350)
 19 MAINT07B   MAINT07B/JOB00932  CC 0004
 20 MAINT07C   MAINT07C/JOB00933  CC 0000
 21 MAINT07D   MAINT07D/JOB00934  CC 0000
 22 MAINT07E   MAINT07E/JOB00935  CC 0004
 23 MAINT07F   MAINT07F/JOB00936  CC 0000
 24 MAINT08@   MAINT08@/JOB00937  CC 0008
    kept: SMPOUT(241)
 25 MAINT08A   MAINT08A/JOB00938  CC 0008
    kept: SMPOUT(94)
 26 MAINT08B   MAINT08B/JOB00939  CC 0004
 27 MAINT08C   MAINT08C/JOB00940  CC 0000
 28 MAINT08D   MAINT08D/JOB00941  CC 0000
 29 MAINT08E   MAINT08E/JOB00942  CC 0004
 30 MAINT08F   MAINT08F/JOB00943  CC 0000
 31 MAINT08G   MAINT08G/JOB00944  CC 0000
     crossing MVSSRC.BLD.SMP.JCL2 -> MVSSRC.BLD.SMP.JCL3 (MAINT09@)
 32 MAINT09@   MAINT09@/JOB00945  CC 0000
 33 MAINT09A   MAINT09A/JOB00946  CC 0008
    kept: SMPOUT(1291)
 34 MAINT09B   MAINT09B/JOB00947  CC 0008
    kept: UPDPRINT(229850 -> 9664, filtered) ASMPRINT(323214 -> 45490, filtered) LKDPRINT(3274) SMPOUT(2093)
 35 MAINT09C   MAINT09C/JOB00948  CC 0004
 36 MAINT09D   MAINT09D/JOB00949  CC 0004
 37 MAINT09E   MAINT09E/JOB00950  CC 0004
 38 MAINT09F   MAINT09F/JOB00951  CC 0000
 39 MAINT10@   MAINT10@/JOB00952  CC 0000
 40 MAINT10A   MAINT10A/JOB00953  CC 0008
    kept: SMPOUT(1444)
 41 MAINT10B   MAINT10B/JOB00954  CC 0008
    kept: UPDPRINT(167364 -> 9717, filtered) ASMPRINT(293920 -> 23709, filtered) LKDPRINT(2272) SMPOUT(2481)
 42 MAINT10C   MAINT10C/JOB00955  CC 0004
 43 MAINT10D   MAINT10D/JOB00956  CC 0000
 44 MAINT10E   MAINT10E/JOB00957  CC 0004
 45 MAINT10F   MAINT10F/JOB00958  CC 0000
 46 MAINT11@   MAINT11@/JOB00959  CC 0000
 47 MAINT11A   MAINT11A/JOB00960  CC 0008
    kept: SMPOUT(185)
 48 MAINT11B   MAINT11B/JOB00961  CC 0008
    kept: UPDPRINT(664) ASMPRINT(36256 -> 11458, filtered) LKDPRINT(894) SMPOUT(287)
 49 MAINT11C   MAINT11C/JOB00962  CC 0000
 50 MAINT11D   MAINT11D/JOB00963  CC 0000
 51 MAINT11E   MAINT11E/JOB00964  CC 0004
 52 MAINT11F   MAINT11F/JOB00965  CC 0000
 53 MAINT11G   MAINT11G/JOB00966  CC 0004
     crossing MVSSRC.BLD.SMP.JCL3 -> MVSSRC.BLD.SMP.JCL4 (MAINT12@)
 54 MAINT12@   MAINT12@/JOB00967  CC 0008
    kept: SMPOUT(1198)
 55 MAINT12A   MAINT12A/JOB00968  CC 0008
    kept: SMPOUT(552)
 56 MAINT12B   MAINT12B/JOB00969  CC 0008
    kept: UPDPRINT(77536 -> 9415, filtered) ASMPRINT(243992 -> 29116, filtered) LKDPRINT(2739) SMPOUT(918)
 57 MAINT12C   MAINT12C/JOB00970  CC 0004
 58 MAINT12D   MAINT12D/JOB00971  CC 0004
 59 MAINT12E   MAINT12E/JOB00972  CC 0008
    kept: UPDPRINT(53159 -> 8686, filtered) ASMPRINT(186071 -> 21859, filtered) LKDPRINT(1655) SMPOUT(865)
 60 MAINT12F   MAINT12F/JOB00973  CC 0004
 61 MAINT13@   MAINT13@/JOB00974  CC 0008
    kept: SMPOUT(352)
 62 MAINT13A   MAINT13A/JOB00975  CC 0008
    kept: SMPOUT(159)
 63 MAINT13B   MAINT13B/JOB00976  CC 0008
    kept: UPDPRINT(2728) ASMPRINT(123574 -> 18929, filtered) LKDPRINT(2910) SMPOUT(270)
 64 MAINT13C   MAINT13C/JOB00977  CC 0000
 65 MAINT13D   MAINT13D/JOB00978  CC 0008
    kept: SMPOUT(159)
 66 MAINT13E   MAINT13E/JOB00979  CC 0008
    kept: UPDPRINT(1072) ASMPRINT(89347 -> 15016, filtered) LKDPRINT(452) SMPOUT(228)
 67 MAINT13F   MAINT13F/JOB00980  CC 0000
     crossing MVSSRC.BLD.SMP.JCL4 -> MVSSRC.BLD.SMP.JCL5 (MAINT14@)
 68 MAINT14@   MAINT14@/JOB00981  CC 0000
 69 MAINT14A   MAINT14A/JOB00982  CC 0008
    kept: nothing -- all five empty
 70 MAINT14B   MAINT14B/JOB00983  CC 0008
    kept: UPDPRINT(45475 -> 8589, filtered) ASMPRINT(139426 -> 30246, filtered) LKDPRINT(1175) SMPOUT(627)
 71 MAINT14C   MAINT14C/JOB00984  CC 0000
 72 MAINT14D   MAINT14D/JOB00985  CC 0004
 73 MAINT14E   MAINT14E/JOB00986  CC 0008
    kept: UPDPRINT(10117 -> 8001, filtered) ASMPRINT(21558 -> 9812, filtered) LKDPRINT(176) SMPOUT(523)
 74 MAINT14F   MAINT14F/JOB00987  CC 0000
 75 MAINT15@   MAINT15@/JOB00988  CC 0008
    kept: nothing -- all five empty
 76 MAINT15A   MAINT15A/JOB00989  CC 0008
    kept: nothing -- all five empty
 77 MAINT15B   MAINT15B/JOB00990  CC 0004
 78 MAINT15C   MAINT15C/JOB00991  CC 0000
 79 MAINT15D   MAINT15D/JOB00992  CC 0008
    kept: nothing -- all five empty
 80 MAINT15E   MAINT15E/JOB00993  CC 0008
    kept: UPDPRINT(47) ASMPRINT(3703) LKDPRINT(53) SMPOUT(149)
 81 MAINT15F   MAINT15F/JOB00994  CC 0000
    Fortsetzungskarte ist auskommentiert -- Daves Kette endet hier (waere: LIB=5 MBR=MAINT15?)
 82 MAINT15G   MAINT15G/JOB00995  CC 0004
chain ended

25 jobs ended non-zero:
  MAINT07A   MAINT07A/JOB00931  CC 0008
  MAINT08@   MAINT08@/JOB00937  CC 0008
  MAINT08A   MAINT08A/JOB00938  CC 0008
  MAINT09A   MAINT09A/JOB00946  CC 0008
  MAINT09B   MAINT09B/JOB00947  CC 0008
  MAINT10A   MAINT10A/JOB00953  CC 0008
  MAINT10B   MAINT10B/JOB00954  CC 0008
  MAINT11A   MAINT11A/JOB00960  CC 0008
  MAINT11B   MAINT11B/JOB00961  CC 0008
  MAINT12@   MAINT12@/JOB00967  CC 0008
  MAINT12A   MAINT12A/JOB00968  CC 0008
  MAINT12B   MAINT12B/JOB00969  CC 0008
  MAINT12E   MAINT12E/JOB00972  CC 0008
  MAINT13@   MAINT13@/JOB00974  CC 0008
  MAINT13A   MAINT13A/JOB00975  CC 0008
  MAINT13B   MAINT13B/JOB00976  CC 0008
  MAINT13D   MAINT13D/JOB00978  CC 0008
  MAINT13E   MAINT13E/JOB00979  CC 0008
  MAINT14A   MAINT14A/JOB00982  CC 0008
  MAINT14B   MAINT14B/JOB00983  CC 0008
  MAINT14E   MAINT14E/JOB00986  CC 0008
  MAINT15@   MAINT15@/JOB00988  CC 0008
  MAINT15A   MAINT15A/JOB00989  CC 0008
  MAINT15D   MAINT15D/JOB00992  CC 0008
  MAINT15E   MAINT15E/JOB00993  CC 0008
