ACCESS
AQCTL
BLSCAMM1
BLSCAMM2
BLSCAMMM
BLSCAMSL
BLSCFRES
BLSCGETF
BLSCGETS
BLSDMSGG
BLSR327A
BLSR327B
BLSR327C
BLSR327D
BLSR327E
BLSR327F
BLSR327G
BLSR327H
BLSR327I
BLSR327J
BLSR327M
BLSR327P
BLSR327W
BLSR327X
BLSRCKLT
BLSRCVTA
BLSRDEND
BLSRDT
BLSRDTD
BLSREUA
BLSRRA
BLSRROTB
BLSRSBA
BLSRSF
BLSRWCC
BLSUALL2
BLSUALLR
BLSUALLS
BLSUFRE2
BLSUFRER
BLSUFRES
BLSUSTBE
BLSUSTBN
BLSUSTBO
BMDSECTS
CATLG
COMB
CONTAINS
CONTENTS
DBV
DCDSWORK
DICT
DSCAN
DSW
EDSECT
ERMS
EVALWORK
EWTCMAP
EWTMAP
GENCOM
GENERR
GENOP
GENTAB
GOIF
GOIF1
GOIF3
GOTO
HEWAPT
HEWLDCOM
ICBACREL
ICBMNTDE
ICBVARY
ICOMMON
IDAAMB
IDABLPRM
IDAIOMB
IDAPATCH
IDAPDPRM
IDARST14
IDARTMAC
IDASVR14
IDATRACE
IDDTRACK
IDDVBPPL
IDDVDSCB
IDDWICB
IEBMCA
IEBUPCON
IEDCBDA
IEDCMB
IEDDCT
IEDHJN
IEDQMSG
IEEVCHWA
IEEVRSWA
IEFSDBAR
IEFSDPAR
IEFSDSDR
IEFSDSET
IEFSDSMF
IEFSDWKT
IEFSDWKX
IEHDBLKS
IEHDCBXL
IEHDWORK
IEHMVV
IEHPOST
IEHPRE
IEWFTNIP
IEZABP
IEZCTGFL
IEZMNTXT
IEZSSC
IGGBCB
IGGBISAM
IGGBISAV
IGGCP1
IGGCP10A
IGGCP10B
IGGCP11A
IGGCP11B
IGGCP123
IGGCP12A
IGGCP12B
IGGCP12C
IGGCP13A
IGGCP13B
IGGCP13C
IGGCP14
IGGCP15
IGGCP16
IGGCP17
IGGCP2
IGGCP22
IGGCP23
IGGCP24
IGGCP25
IGGCP26
IGGCP4
IGGCP47
IGGCP5
IGGCP6
IGGCP7
IGGCP8
IGGCP9A
IGGCP9B
IGGCP9C
IGGCPOPS
IGGDCBFA
IGGDEBD
IGGFRWKA
IGGIOBD
IGGLDCP
IGGLOAD
IGGMSG
IGGPARML
IGGRDX
IGGSCAN
IGGSCW
IGGSPW
IGGSTAE
IGGSTW
IGGSWA
IGGUSL
IGGWKNCP
IHACCW
IHACSW
IHAFCAUD
IHAFCBIM
IHAICB
IHASTOW
IHJDSTAB
IHJSSCR
IKJEHCOM
IOBLOCKS
IOGENER
IRBLANGP
IRBSTGST
IRBSTMMV
JCALL
JCHECK
JCOMMON
JCSECT
JENTRY
JERMSGCD
JERRCD
JEXTRN
JFIND
JFLEBLK
JFRECORE
JGEN
JGENERR
JGENIN
JGETCORE
JGETL
JHEAD
JINCOM
JINPUT
JINST
JMODID
JNOTE
JNOTELB
JOUTCOM
JPARM
JPATCH
JPOINT
JPOINTLB
JPRINT
JPUNCH
JPUTL
JPUTM
JREAD
JRETURN
JSAVE
JTEXT
JTMTXT
JTPRINT
JTRUNC
JWRITE
LABEL
LCGASMS2
LCGASMSW
LINEEND
MFROUTER
MIEDQFA
MIEDQHM
OLTCB
OP
PSEUDO
RESPL
RSYMRCD
RXLFMTS
SET
SNDSCH
STABUILD
STAEPARM
STAES
TACSMD
TAIBD
TAVTD
TBDUD
TBLGEN
TCAVTD
TCCWD
TCD0D
TCD1D
TCKPD
TCOMD
TCOMIPLD
TCONV
TCPBD
TDATAD
TDCTD
TDEBAPD
TDEBD
TDISPD
TDRQD
TDVCIDTD
THEDD
TIOBD
TIOSBED
TLCBD
TLGBD
TMHTABD
TMSKD
TNATD
TNCPID
TOCTRD
TOPCAVTD
TOPCED
TOPCTL
TOPRED
TPCBD
TPEBD
TPECBD
TPEWAD
TPIU0D
TPLMVD
TPRFD
TPRIOR
TPROCD
TPRUD
TQCBD
TQCBED
TRECBD
TREQD
TRHD
TRVTD
TSATD
TSCBD
TSIBD
TSNSD
TSOECDD
TSTCBD
TSTMHND
TTCBD
TTCDSD
TTCXD
TTECB
TTHD
TTNTD
TTPD
TTRMD
TTSWD
TTTCD
VMSGGEN
VMSGSKL
VSCRATCH
WICLOSE
WIEXCP
WIJOURN
WORKAREA
X5COM
X5ERRL
XDCDS
XDICT
XEVAL
XFOUR
XSTBL
YREGS
