AMAMAIN
AMBMAIN
AMCMAIN
BLSBVT
BLSCFREF
BLSDMCB
BLSDVT
BLSESBA
BLSESCO
BLSESPA
BLSFP
BLSHSD
BLSPDR
BLSPZ2
BLSRVT
BLSSABA
BLSZZ1
BLSZZ2
BLSZZ6
BUILDS
COBSAMP
GSPSAMP
HMASMARL
HMASMATT
HMASMBUP
HMASMCCA
HMASMCRP
HMASMFVP
HMASMGTP
HMASMICT
HMASMIOP
HMASMLPR
HMASMMCB
HMASMMGP
HMASMMPP
HMASMPRL
HMASMRDP
HMASMRVA
HMASMSCP
HMASMSET
HMASMSPL
HMASMTBX
HMASMTSL
HMASMVLP
IDAAMBL
IDAAMBXN
IDAAMDSB
IDABIB
IDABUFC
IDACPA
IDAEDB
IDALPMB
IDAPLH
IDAVAT
IDAVIOT
IDAVSRT
IECDCSWK
IGTXZAP
IHAACR
IKJEGTBL
IKJEGTWA
ILRACA
ILRACE
ILRASPCT
ILRATA
ILREPATH
ILRIOE
ILRLGE
ILRLGVT
ILRPART
ILRPAT
ILRPCCW
ILRPCT
ILRQSRCD
ILRSART
ILRSAT
ILRSCCW
ILRSDCT
ILRTPARB
IOSTHLD
IOSUNHLD
IQAAOS
IQAAVL
IQAAVT
IQABUF2A
IQACCW
IQACVT
IQADDT
IQADVE
IQADVL
IQAFMQ
IQAID
IQAIOTE
IQALCA
IQAMOD
IQAMSGP1
IQAOUT
IQAPATCH
IQAQAL
IQAROUT
IQARTR
IQASCB
IQASIB
IQASTT
IQATIB
IQATSS
IQAVARC
IQAWQL
IQAWSB
IRASRCD
PLISAMP
RMAMAIN
RMBMAIN
RMCMAIN
SMCPI
SMPPI
