  1 $01SMPAL   BLDALC/JOB00262  CC 0000
  2 $02ASM     BLDASMUT/JOB00263  CC 0024
    kept: nothing -- all five empty
  3 $04SMPIN   BLDUCLIN/JOB00264  CC 0000
  4 $05SMPUP   BLDPRTUC/JOB00265  CC 0000
  5 $06SMPRE   BLDRECV/JOB00266  CC 0000
  6 $07SMPRP   BLDPRTRE/JOB00267  CC 0000
  7 $08STG1A   BLDSTG1A/JOB00268  CC 0000
  8 $09STG1P   BLDPRST1/JOB00269  CC 0000
  9 $10STG1J   BLDST1JC/JOB00270  CC 0000
 10 $11STG1P   BLDST1JP/JOB00271  CC 0000
 11 $12IMAGE   BLDIMAG/JOB00272  CC 0000
 12 EAS1102A   EAS1102A/JOB00273  CC 0000
 13 EAS1102B   EAS1102B/JOB00274  CC 0004
 14 EAS1102C   EAS1102C/JOB00275  CC 0000
 15 EAS1102D   EAS1102D/JOB00276  CC 0004
 16 EAS1102E   EAS1102E/JOB00277  CC 0004
 17 EAS1102F   EAS1102F/JOB00278  CC 0000
 18 EBB1102A   EBB1102A/JOB00279  CC 0004
 19 EBB1102B   EBB1102B/JOB00280  CC 0004
 20 EBB1102C   EBB1102C/JOB00281  CC 0000
 21 EBB1102D   EBB1102D/JOB00282  CC 0004
 22 EBB1102E   EBB1102E/JOB00283  CC 0004
 23 EBB1102F   EBB1102F/JOB00284  CC 0000
 24 EBB1103A   EBB1103A/JOB00285  CC 0000
 25 EBB1103B   EBB1103B/JOB00286  CC 0004
 26 EBB1103C   EBB1103C/JOB00287  CC 0000
 27 EBB1103D   EBB1103D/JOB00288  CC 0004
 28 EBB1103E   EBB1103E/JOB00289  CC 0004
 29 EBB1103F   EBB1103F/JOB00290  CC 0000
 30 EBT1102A   EBT1102A/JOB00291  CC 0004
 31 EBT1102B   EBT1102B/JOB00292  CC 0012
    kept: COPPRINT(343) SMPOUT(584)
 32 EBT1102C   EBT1102C/JOB00293  CC 0000
 33 EBT1102D   EBT1102D/JOB00294  CC 0004
 34 EBT1102E   EBT1102E/JOB00295  CC 0012
    kept: COPPRINT(343) SMPOUT(702)
 35 EBT1102F   EBT1102F/JOB00296  CC 0000
 36 EDE1102A   EDE1102A/JOB00297  CC 0004
 37 EDE1102B   EDE1102B/JOB00298  CC 0004
 38 EDE1102C   EDE1102C/JOB00299  CC 0000
 39 EDE1102D   EDE1102D/JOB00300  CC 0004
 40 EDE1102E   EDE1102E/JOB00301  CC 0004
 41 EDE1102F   EDE1102F/JOB00302  CC 0000
 42 EDM1102A   EDM1102A/JOB00303  CC 0004
 43 EDM1102B   EDM1102B/JOB00304  CC 0012
    kept: COPPRINT(2798) SMPOUT(4426)
 44 EDM1102C   EDM1102C/JOB00305  CC 0000
 45 EDM1102D   EDM1102D/JOB00306  CC 0004
    (transient: URLError, retry 1/5)
 46 EDM1102E   EDM1102E/JOB00307  CC 0012
    kept: COPPRINT(2798) SMPOUT(5303)
 47 EDM1102F   EDM1102F/JOB00308  CC 0000
 48 EDS1102A   EDS1102A/JOB00309  CC 0004
 49 EDS1102B   EDS1102B/JOB00310  CC 0004
 50 EDS1102C   EDS1102C/JOB00311  CC 0004
 51 EDS1102D   EDS1102D/JOB00312  CC 0004
 52 EDS1102E   EDS1102E/JOB00313  CC 0004
 53 EDS1102F   EDS1102F/JOB00314  CC 0004
 54 EER1400A   EER1400A/JOB00315  CC 0004
 55 EER1400B   EER1400B/JOB00316  CC 0004
 56 EER1400C   EER1400C/JOB00317  CC 0000
 57 EER1400D   EER1400D/JOB00318  CC 0004
 58 EER1400E   EER1400E/JOB00319  CC 0004
 59 EER1400F   EER1400F/JOB00320  CC 0000
 60 EGA1102A   EGA1102A/JOB00321  CC 0004
 61 EGA1102B   EGA1102B/JOB00322  CC 0004
 62 EGA1102C   EGA1102C/JOB00323  CC 0004
 63 EGA1102D   EGA1102D/JOB00324  CC 0004
 64 EGA1102E   EGA1102E/JOB00325  CC 0004
 65 EGA1102F   EGA1102F/JOB00326  CC 0004
 66 EGS1102A   EGS1102A/JOB00327  CC 0004
 67 EGS1102B   EGS1102B/JOB00328  CC 0004
 68 EGS1102C   EGS1102C/JOB00329  CC 0000
 69 EGS1102D   EGS1102D/JOB00330  CC 0004
 70 EGS1102E   EGS1102E/JOB00331  CC 0004
 71 EGS1102F   EGS1102F/JOB00332  CC 0000
 72 EIP1102A   EIP1102A/JOB00333  CC 0000
 73 EIP1102B   EIP1102B/JOB00334  CC 0004
 74 EIP1102C   EIP1102C/JOB00335  CC 0000
 75 EIP1102D   EIP1102D/JOB00336  CC 0004
 76 EIP1102E   EIP1102E/JOB00337  CC 0004
 77 EIP1102F   EIP1102F/JOB00338  CC 0000
 78 EJE1103A   EJE1103A/JOB00339  CC 0004
 79 EJE1103B   EJE1103B/JOB00340  CC 0012
    kept: COPPRINT(434) SMPOUT(820)
 80 EJE1103C   EJE1103C/JOB00341  CC 0000
 81 EJE1103D   EJE1103D/JOB00342  CC 0004
 82 EJE1103E   EJE1103E/JOB00343  CC 0012
    kept: COPPRINT(433) SMPOUT(734)
 83 EJE1103F   EJE1103F/JOB00344  CC 0000
 84 EMF1102A   EMF1102A/JOB00345  CC 0000
 85 EMF1102B   EMF1102B/JOB00346  CC 0004
 86 EMF1102C   EMF1102C/JOB00347  CC 0000
 87 EMF1102D   EMF1102D/JOB00348  CC 0004
 88 EMF1102E   EMF1102E/JOB00349  CC 0004
 89 EMF1102F   EMF1102F/JOB00350  CC 0000
 90 EMI1102A   EMI1102A/JOB00351  CC 0004
 91 EMI1102B   EMI1102B/JOB00352  CC 0004
 92 EMI1102C   EMI1102C/JOB00353  CC 0000
 93 EMI1102D   EMI1102D/JOB00354  CC 0004
 94 EMI1102E   EMI1102E/JOB00355  CC 0004
 95 EMI1102F   EMI1102F/JOB00356  CC 0004
 96 EML1102A   EML1102A/JOB00357  CC 0004
 97 EML1102B   EML1102B/JOB00358  CC 0004
 98 EML1102C   EML1102C/JOB00359  CC 0000
 99 EML1102D   EML1102D/JOB00360  CC 0004
100 EML1102E   EML1102E/JOB00361  CC 0004
101 EML1102F   EML1102F/JOB00362  CC 0000
102 EMS1102A   EMS1102A/JOB00363  CC 0004
103 EMS1102B   EMS1102B/JOB00364  CC 0004
104 EMS1102C   EMS1102C/JOB00365  CC 0000
105 EMS1102D   EMS1102D/JOB00366  CC 0004
    (transient: URLError, retry 1/5)
    (transient: URLError, retry 2/5)
    (transient: URLError, retry 3/5)
    (transient: URLError, retry 4/5)
    (transient: URLError, retry 5/5)
Traceback (most recent call last):
  File "/opt/homebrew/Cellar/python@3.14/3.14.6/Frameworks/Python.framework/Versions/3.14/lib/python3.14/urllib/request.py", line 1321, in do_open
    h.request(req.get_method(), req.selector, req.data, headers,
    ~~~~~~~~~^^^^^^^^^^^^^^^^^^^^^^^^^^^^^^^^^^^^^^^^^^^^^^^^^^^
              encode_chunked=req.has_header('Transfer-encoding'))
              ^^^^^^^^^^^^^^^^^^^^^^^^^^^^^^^^^^^^^^^^^^^^^^^^^^^
  File "/opt/homebrew/Cellar/python@3.14/3.14.6/Frameworks/Python.framework/Versions/3.14/lib/python3.14/http/client.py", line 1367, in request
    self._send_request(method, url, body, headers, encode_chunked)
    ~~~~~~~~~~~~~~~~~~^^^^^^^^^^^^^^^^^^^^^^^^^^^^^^^^^^^^^^^^^^^^
  File "/opt/homebrew/Cellar/python@3.14/3.14.6/Frameworks/Python.framework/Versions/3.14/lib/python3.14/http/client.py", line 1413, in _send_request
    self.endheaders(body, encode_chunked=encode_chunked)
    ~~~~~~~~~~~~~~~^^^^^^^^^^^^^^^^^^^^^^^^^^^^^^^^^^^^^
  File "/opt/homebrew/Cellar/python@3.14/3.14.6/Frameworks/Python.framework/Versions/3.14/lib/python3.14/http/client.py", line 1362, in endheaders
    self._send_output(message_body, encode_chunked=encode_chunked)
    ~~~~~~~~~~~~~~~~~^^^^^^^^^^^^^^^^^^^^^^^^^^^^^^^^^^^^^^^^^^^^^
  File "/opt/homebrew/Cellar/python@3.14/3.14.6/Frameworks/Python.framework/Versions/3.14/lib/python3.14/http/client.py", line 1122, in _send_output
    self.send(msg)
    ~~~~~~~~~^^^^^
  File "/opt/homebrew/Cellar/python@3.14/3.14.6/Frameworks/Python.framework/Versions/3.14/lib/python3.14/http/client.py", line 1066, in send
    self.connect()
    ~~~~~~~~~~~~^^
  File "/opt/homebrew/Cellar/python@3.14/3.14.6/Frameworks/Python.framework/Versions/3.14/lib/python3.14/http/client.py", line 1032, in connect
    self.sock = self._create_connection(
                ~~~~~~~~~~~~~~~~~~~~~~~^
        (self.host,self.port), self.timeout, self.source_address)
        ^^^^^^^^^^^^^^^^^^^^^^^^^^^^^^^^^^^^^^^^^^^^^^^^^^^^^^^^^
  File "/opt/homebrew/Cellar/python@3.14/3.14.6/Frameworks/Python.framework/Versions/3.14/lib/python3.14/socket.py", line 850, in create_connection
    for res in getaddrinfo(host, port, 0, SOCK_STREAM):
               ~~~~~~~~~~~^^^^^^^^^^^^^^^^^^^^^^^^^^^^
  File "/opt/homebrew/Cellar/python@3.14/3.14.6/Frameworks/Python.framework/Versions/3.14/lib/python3.14/socket.py", line 987, in getaddrinfo
    for res in _socket.getaddrinfo(host, port, family, type, proto, flags):
               ~~~~~~~~~~~~~~~~~~~^^^^^^^^^^^^^^^^^^^^^^^^^^^^^^^^^^^^^^^^
socket.gaierror: [Errno 8] nodename nor servname provided, or not known

During handling of the above exception, another exception occurred:

Traceback (most recent call last):
  File "/Users/mike/repos/mvs/mvs38src/tools/bldrun.py", line 207, in <module>
    sys.exit(main())
             ~~~~^^
  File "/Users/mike/repos/mvs/mvs38src/tools/bldrun.py", line 174, in main
    rc = wait(jn, ji)
  File "/Users/mike/repos/mvs/mvs38src/tools/bldrun.py", line 143, in wait
    d = json.loads(req("GET", f"{HOST}/zosmf/restjobs/jobs/{jobname}/{jobid}"))
                   ~~~^^^^^^^^^^^^^^^^^^^^^^^^^^^^^^^^^^^^^^^^^^^^^^^^^^^^^^^^
  File "/Users/mike/repos/mvs/mvs38src/tools/bldrun.py", line 61, in req
    with urllib.request.urlopen(r, timeout=120) as f:
         ~~~~~~~~~~~~~~~~~~~~~~^^^^^^^^^^^^^^^^
  File "/opt/homebrew/Cellar/python@3.14/3.14.6/Frameworks/Python.framework/Versions/3.14/lib/python3.14/urllib/request.py", line 187, in urlopen
    return opener.open(url, data, timeout)
           ~~~~~~~~~~~^^^^^^^^^^^^^^^^^^^^
  File "/opt/homebrew/Cellar/python@3.14/3.14.6/Frameworks/Python.framework/Versions/3.14/lib/python3.14/urllib/request.py", line 487, in open
    response = self._open(req, data)
  File "/opt/homebrew/Cellar/python@3.14/3.14.6/Frameworks/Python.framework/Versions/3.14/lib/python3.14/urllib/request.py", line 504, in _open
    result = self._call_chain(self.handle_open, protocol, protocol +
                              '_open', req)
  File "/opt/homebrew/Cellar/python@3.14/3.14.6/Frameworks/Python.framework/Versions/3.14/lib/python3.14/urllib/request.py", line 464, in _call_chain
    result = func(*args)
  File "/opt/homebrew/Cellar/python@3.14/3.14.6/Frameworks/Python.framework/Versions/3.14/lib/python3.14/urllib/request.py", line 1350, in http_open
    return self.do_open(http.client.HTTPConnection, req)
           ~~~~~~~~~~~~^^^^^^^^^^^^^^^^^^^^^^^^^^^^^^^^^
  File "/opt/homebrew/Cellar/python@3.14/3.14.6/Frameworks/Python.framework/Versions/3.14/lib/python3.14/urllib/request.py", line 1324, in do_open
    raise URLError(err)
urllib.error.URLError: <urlopen error [Errno 8] nodename nor servname provided, or not known>
  1 EMS1102F   EMS1102F/JOB00368  CC 0000
  2 EPM1102A   EPM1102A/JOB00369  CC 0004
  3 EPM1102B   EPM1102B/JOB00370  CC 0004
  4 EPM1102C   EPM1102C/JOB00371  CC 0004
  5 EPM1102D   EPM1102D/JOB00372  CC 0004
  6 EPM1102E   EPM1102E/JOB00373  CC 0004
  7 EPM1102F   EPM1102F/JOB00374  CC 0004
  8 ESM1102A   ESM1102A/JOB00375  CC 0004
  9 ESM1102B   ESM1102B/JOB00376  CC 0004
 10 ESM1102C   ESM1102C/JOB00377  CC 0000
 11 ESM1102D   ESM1102D/JOB00378  CC 0004
 12 ESM1102E   ESM1102E/JOB00379  CC 0004
 13 ESM1102F   ESM1102F/JOB00380  CC 0000
 14 EST1102A   EST1102A/JOB00381  CC 0004
 15 EST1102B   EST1102B/JOB00382  CC 0004
 16 EST1102C   EST1102C/JOB00383  CC 0004
 17 EST1102D   EST1102D/JOB00384  CC 0004
 18 EST1102E   EST1102E/JOB00385  CC 0004
 19 EST1102F   EST1102F/JOB00386  CC 0004
 20 ESU1102A   ESU1102A/JOB00387  CC 0000
 21 ESU1102B   ESU1102B/JOB00388  CC 0000
 22 ESU1102C   ESU1102C/JOB00389  CC 0000
 23 ESU1102D   ESU1102D/JOB00390  CC 0000
 24 ESU1102E   ESU1102E/JOB00391  CC 0000
 25 ESU1102F   ESU1102F/JOB00392  CC 0000
 26 ESY1400A   ESY1400A/JOB00393  CC 0000
 27 ESY1400B   ESY1400B/JOB00394  CC 0004
 28 ESY1400C   ESY1400C/JOB00395  CC 0000
 29 ESY1400D   ESY1400D/JOB00396  CC 0004
 30 ESY1400E   ESY1400E/JOB00397  CC 0004
 31 ESY1400F   ESY1400F/JOB00398  CC 0000
 32 ETC0108A   ETC0108A/JOB00399  CC 0004
 33 ETC0108B   ETC0108B/JOB00400  CC 0004
 34 ETC0108C   ETC0108C/JOB00401  CC 0004
 35 ETC0108D   ETC0108D/JOB00402  CC 0004
 36 ETC0108E   ETC0108E/JOB00403  CC 0004
 37 ETC0108F   ETC0108F/JOB00404  CC 0004
 38 ETI1106A   ETI1106A/JOB00405  CC 0000
 39 ETI1106B   ETI1106B/JOB00406  CC 0004
 40 ETI1106C   ETI1106C/JOB00407  CC 0000
 41 ETI1106D   ETI1106D/JOB00408  CC 0004
 42 ETI1106E   ETI1106E/JOB00409  CC 0004
 43 ETI1106F   ETI1106F/JOB00410  CC 0000
 44 ETV0108A   ETV0108A/JOB00411  CC 0000
 45 ETV0108B   ETV0108B/JOB00412  CC 0004
 46 ETV0108C   ETV0108C/JOB00413  CC 0000
 47 ETV0108D   ETV0108D/JOB00414  CC 0004
 48 ETV0108E   ETV0108E/JOB00415  CC 0004
 49 ETV0108F   ETV0108F/JOB00416  CC 0000
 50 EUT1102A   EUT1102A/JOB00417  CC 0004
 51 EUT1102B   EUT1102B/JOB00418  CC 0004
 52 EUT1102C   EUT1102C/JOB00419  CC 0004
 53 EUT1102D   EUT1102D/JOB00420  CC 0004
 54 EUT1102E   EUT1102E/JOB00421  CC 0004
 55 EUT1102F   EUT1102F/JOB00422  CC 0004
 56 EVT0108A   EVT0108A/JOB00423  CC 0004
 57 EVT0108B   EVT0108B/JOB00424  CC 0004
 58 EVT0108C   EVT0108C/JOB00425  CC 0000
 59 EVT0108D   EVT0108D/JOB00426  CC 0004
 60 EVT0108E   EVT0108E/JOB00427  CC 0004
 61 EVT0108F   EVT0108F/JOB00428  CC 0000
 62 EXW1102A   EXW1102A/JOB00429  CC 0000
 63 EXW1102B   EXW1102B/JOB00430  CC 0004
 64 EXW1102C   EXW1102C/JOB00431  CC 0004
 65 EXW1102D   EXW1102D/JOB00432  CC 0004
 66 EXW1102E   EXW1102E/JOB00433  CC 0004
 67 EXW1102F   EXW1102F/JOB00434  CC 0004
 68 FBB1221A   FBB1221A/JOB00435  CC 0000
 69 FBB1221B   FBB1221B/JOB00436  CC 0004
 70 FBB1221C   FBB1221C/JOB00437  CC 0000
 71 FBB1221D   FBB1221D/JOB00438  CC 0004
 72 FBB1221E   FBB1221E/JOB00439  CC 0004
 73 FBB1221F   FBB1221F/JOB00440  CC 0000
 74 FDM1133A   FDM1133A/JOB00441  CC 0004
 75 FDM1133B   FDM1133B/JOB00442  CC 0004
 76 FDM1133C   FDM1133C/JOB00443  CC 0004
 77 FDM1133D   FDM1133D/JOB00444  CC 0004
 78 FDM1133E   FDM1133E/JOB00445  CC 0004
 79 FDM1133F   FDM1133F/JOB00446  CC 0004
 80 FDS1122A   FDS1122A/JOB00447  CC 0000
 81 FDS1122B   FDS1122B/JOB00448  CC 0004
 82 FDS1122C   FDS1122C/JOB00449  CC 0000
 83 FDS1122D   FDS1122D/JOB00450  CC 0004
 84 FDS1122E   FDS1122E/JOB00451  CC 0004
 85 FDS1122F   FDS1122F/JOB00452  CC 0000
 86 FDS1133A   FDS1133A/JOB00453  CC 0000
 87 FDS1133B   FDS1133B/JOB00454  CC 0004
 88 FDS1133C   FDS1133C/JOB00455  CC 0000
 89 FDS1133D   FDS1133D/JOB00456  CC 0004
 90 FDS1133E   FDS1133E/JOB00457  CC 0004
 91 FDS1133F   FDS1133F/JOB00458  CC 0000
 92 FDZ1610A   FDZ1610A/JOB00459  CC 0004
 93 FDZ1610B   FDZ1610B/JOB00460  CC 0004
 94 FDZ1610C   FDZ1610C/JOB00461  CC 0000
 95 FDZ1610D   FDZ1610D/JOB00462  CC 0004
 96 FDZ1610E   FDZ1610E/JOB00463  CC 0004
 97 FDZ1610F   FDZ1610F/JOB00464  CC 0000
 98 FUT1133A   FUT1133A/JOB00465  CC 0000
 99 FUT1133B   FUT1133B/JOB00466  CC 0004
100 FUT1133C   FUT1133C/JOB00467  CC 0000
101 FUT1133D   FUT1133D/JOB00468  CC 0004
102 FUT1133E   FUT1133E/JOB00469  CC 0004
103 FUT1133F   FUT1133F/JOB00470  CC 0000
104 MAINT01@   MAINT01@/JOB00471  CC 0000
105 MAINT01A   MAINT01A/JOB00472  CC 0008
    kept: SMPOUT(137)
106 MAINT01B   MAINT01B/JOB00473  CC 0008
    kept: COPPRINT(18) UPDPRINT(252) SMPOUT(179)
107 MAINT01C   MAINT01C/JOB00474  CC 0000
108 MAINT01D   MAINT01D/JOB00475  CC 0008
    kept: SMPOUT(137)
109 MAINT01E   MAINT01E/JOB00476  CC 0008
    kept: COPPRINT(18) UPDPRINT(252) SMPOUT(179)
110 MAINT01F   MAINT01F/JOB00477  CC 0000
111 MAINT02@   MAINT02@/JOB00478  CC 0000
112 MAINT02A   MAINT02A/JOB00479  CC 0008
    kept: SMPOUT(849)
113 MAINT02B   MAINT02B/JOB00480  CC 0008
    kept: UPDPRINT(388617) ASMPRINT(686307) LKDPRINT(1704) SMPOUT(1447)
114 MAINT02C   MAINT02C/JOB00481  CC 0004
115 MAINT02D   MAINT02D/JOB00482  CC 0008
    kept: SMPOUT(849)
116 MAINT02E   MAINT02E/JOB00483  CC 0008
    kept: UPDPRINT(388617) ASMPRINT(686307) LKDPRINT(3584) SMPOUT(1447)
117 MAINT02F   MAINT02F/JOB00484  CC 0004
118 MAINT03@   MAINT03@/JOB00485  CC 0000
119 MAINT03A   MAINT03A/JOB00486  CC 0008
    kept: SMPOUT(840)
120 MAINT03B   MAINT03B/JOB00487  CC 0008
    kept: UPDPRINT(488703) ASMPRINT(950212) LKDPRINT(2149) SMPOUT(1401)
121 MAINT03C   MAINT03C/JOB00488  CC 0004
122 MAINT03D   MAINT03D/JOB00489  CC 0008
    kept: SMPOUT(833)
123 MAINT03E   MAINT03E/JOB00490  CC 0008
    kept: UPDPRINT(488703) ASMPRINT(950212) LKDPRINT(3449) SMPOUT(1387)
124 MAINT03F   MAINT03F/JOB00491  CC 0004
125 MAINT04@   MAINT04@/JOB00492  CC 0000
126 MAINT04A   MAINT04A/JOB00493  CC 0008
    kept: SMPOUT(862)
127 MAINT04B   MAINT04B/JOB00494  CC 0008
    kept: UPDPRINT(427842) ASMPRINT(757876) LKDPRINT(1488) SMPOUT(1472)
128 MAINT04C   MAINT04C/JOB00495  CC 0004
129 MAINT04D   MAINT04D/JOB00496  CC 0008
    kept: SMPOUT(862)
130 MAINT04E   MAINT04E/JOB00497  CC 0008
    kept: UPDPRINT(427842) ASMPRINT(757876) LKDPRINT(4149) SMPOUT(1472)
131 MAINT04F   MAINT04F/JOB00498  CC 0004
132 ZSTAGE1    BLDSTG1/JOB00499  CC 0008
    kept: UPDPRINT(427842) ASMPRINT(757876) LKDPRINT(4149) SMPOUT(1472)
133 ZSTAGE2    ZSTAGE2/JOB00500  CC 0039
    kept: ASMPRINT(44970)
134 ZSTAGE2A   ZSTAGE2A/JOB00501  CC 0000
135 ZSTAGE2B   ZSTAGE2B/JOB00502  CC 0000
136 ZUCLMAC    SMPUCL/JOB00503  CC 0000
137 ZUCLSRC    SMPUCL/JOB00504  CC 0000
138 ZLMDXRND   BLDNDLB/JOB00505  CC 0000
139 ZLMDXRNT   BLDNTGT/JOB00506  CC 0016
    kept: nothing -- all five empty
140 ZLMDXROD   BLDODLB/JOB00507  CC 0000
141 ZLMDXROT   BLDOTGT/JOB00508  CC 0000
142 ZLMDRPTD   RPTDLB/JOB00509  JCL ERROR
STOP: ZLMDRPTD ended JCL ERROR -- not a condition code. The chain is restartable from $01SMPAL or from this member.
