  1 $01SMPAL   BLDALC/JOB00517  CC 0000
  2 $02ASM     BLDASMUT/JOB00518  CC 0024
    kept: nothing -- all five empty
  3 $04SMPIN   BLDUCLIN/JOB00519  CC 0000
  4 $05SMPUP   BLDPRTUC/JOB00520  CC 0000
  5 $06SMPRE   BLDRECV/JOB00521  CC 0000
  6 $07SMPRP   BLDPRTRE/JOB00522  CC 0000
  7 $08STG1A   BLDSTG1A/JOB00523  CC 0000
  8 $09STG1P   BLDPRST1/JOB00524  CC 0000
  9 $10STG1J   BLDST1JC/JOB00525  CC 0000
 10 $11STG1P   BLDST1JP/JOB00526  CC 0000
 11 $12IMAGE   BLDIMAG/JOB00527  CC 0000
 12 EAS1102A   EAS1102A/JOB00528  CC 0000
 13 EAS1102B   EAS1102B/JOB00529  CC 0004
 14 EAS1102C   EAS1102C/JOB00530  CC 0000
 15 EAS1102D   EAS1102D/JOB00531  CC 0004
 16 EAS1102E   EAS1102E/JOB00532  CC 0004
 17 EAS1102F   EAS1102F/JOB00533  CC 0000
 18 EBB1102A   EBB1102A/JOB00534  CC 0004
 19 EBB1102B   EBB1102B/JOB00535  CC 0004
 20 EBB1102C   EBB1102C/JOB00536  CC 0000
 21 EBB1102D   EBB1102D/JOB00537  CC 0004
 22 EBB1102E   EBB1102E/JOB00538  CC 0004
 23 EBB1102F   EBB1102F/JOB00539  CC 0000
 24 EBB1103A   EBB1103A/JOB00540  CC 0000
 25 EBB1103B   EBB1103B/JOB00541  CC 0004
 26 EBB1103C   EBB1103C/JOB00542  CC 0000
 27 EBB1103D   EBB1103D/JOB00543  CC 0004
 28 EBB1103E   EBB1103E/JOB00544  CC 0004
 29 EBB1103F   EBB1103F/JOB00545  CC 0000
 30 EBT1102A   EBT1102A/JOB00546  CC 0004
 31 EBT1102B   EBT1102B/JOB00547  CC 0004
 32 EBT1102C   EBT1102C/JOB00548  CC 0004
 33 EBT1102D   EBT1102D/JOB00549  CC 0004
 34 EBT1102E   EBT1102E/JOB00550  CC 0004
 35 EBT1102F   EBT1102F/JOB00551  CC 0004
 36 EDE1102A   EDE1102A/JOB00552  CC 0004
 37 EDE1102B   EDE1102B/JOB00553  CC 0004
 38 EDE1102C   EDE1102C/JOB00554  CC 0000
 39 EDE1102D   EDE1102D/JOB00555  CC 0004
 40 EDE1102E   EDE1102E/JOB00556  CC 0004
 41 EDE1102F   EDE1102F/JOB00557  CC 0000
 42 EDM1102A   EDM1102A/JOB00558  CC 0004
 43 EDM1102B   EDM1102B/JOB00559  CC 0012
    kept: COPPRINT(2798) SMPOUT(4426)
 44 EDM1102C   EDM1102C/JOB00560  CC 0000
 45 EDM1102D   EDM1102D/JOB00561  CC 0004
 46 EDM1102E   EDM1102E/JOB00562  CC 0004
 47 EDM1102F   EDM1102F/JOB00563  CC 0004
 48 EDS1102A   EDS1102A/JOB00564  CC 0004
 49 EDS1102B   EDS1102B/JOB00565  CC 0004
 50 EDS1102C   EDS1102C/JOB00566  CC 0000
 51 EDS1102D   EDS1102D/JOB00567  CC 0004
 52 EDS1102E   EDS1102E/JOB00568  CC 0004
 53 EDS1102F   EDS1102F/JOB00569  CC 0000
 54 EER1400A   EER1400A/JOB00570  CC 0004
 55 EER1400B   EER1400B/JOB00571  CC 0004
 56 EER1400C   EER1400C/JOB00572  CC 0000
 57 EER1400D   EER1400D/JOB00573  CC 0004
 58 EER1400E   EER1400E/JOB00574  CC 0004
 59 EER1400F   EER1400F/JOB00575  CC 0000
 60 EGA1102A   EGA1102A/JOB00576  CC 0004
 61 EGA1102B   EGA1102B/JOB00577  CC 0004
 62 EGA1102C   EGA1102C/JOB00578  CC 0000
 63 EGA1102D   EGA1102D/JOB00579  CC 0004
 64 EGA1102E   EGA1102E/JOB00580  CC 0004
 65 EGA1102F   EGA1102F/JOB00581  CC 0000
 66 EGS1102A   EGS1102A/JOB00582  CC 0004
 67 EGS1102B   EGS1102B/JOB00583  CC 0004
 68 EGS1102C   EGS1102C/JOB00584  CC 0000
 69 EGS1102D   EGS1102D/JOB00585  CC 0004
 70 EGS1102E   EGS1102E/JOB00586  CC 0004
 71 EGS1102F   EGS1102F/JOB00587  CC 0000
 72 EIP1102A   EIP1102A/JOB00588  CC 0000
 73 EIP1102B   EIP1102B/JOB00589  CC 0004
 74 EIP1102C   EIP1102C/JOB00590  CC 0000
 75 EIP1102D   EIP1102D/JOB00591  CC 0004
 76 EIP1102E   EIP1102E/JOB00592  CC 0004
 77 EIP1102F   EIP1102F/JOB00593  CC 0000
 78 EJE1103A   EJE1103A/JOB00594  CC 0004
 79 EJE1103B   EJE1103B/JOB00595  CC 0004
 80 EJE1103C   EJE1103C/JOB00596  CC 0000
 81 EJE1103D   EJE1103D/JOB00597  CC 0004
 82 EJE1103E   EJE1103E/JOB00598  CC 0004
 83 EJE1103F   EJE1103F/JOB00599  CC 0000
 84 EMF1102A   EMF1102A/JOB00600  CC 0000
 85 EMF1102B   EMF1102B/JOB00601  CC 0004
 86 EMF1102C   EMF1102C/JOB00602  CC 0000
 87 EMF1102D   EMF1102D/JOB00603  CC 0004
 88 EMF1102E   EMF1102E/JOB00604  CC 0004
 89 EMF1102F   EMF1102F/JOB00605  CC 0000
 90 EMI1102A   EMI1102A/JOB00606  CC 0004
 91 EMI1102B   EMI1102B/JOB00607  CC 0004
 92 EMI1102C   EMI1102C/JOB00608  CC 0000
 93 EMI1102D   EMI1102D/JOB00609  CC 0004
 94 EMI1102E   EMI1102E/JOB00610  CC 0004
 95 EMI1102F   EMI1102F/JOB00611  CC 0000
 96 EML1102A   EML1102A/JOB00612  CC 0004
 97 EML1102B   EML1102B/JOB00613  CC 0004
 98 EML1102C   EML1102C/JOB00614  CC 0000
 99 EML1102D   EML1102D/JOB00615  CC 0004
100 EML1102E   EML1102E/JOB00616  CC 0004
101 EML1102F   EML1102F/JOB00617  CC 0000
102 EMS1102A   EMS1102A/JOB00618  CC 0004
103 EMS1102B   EMS1102B/JOB00619  CC 0004
104 EMS1102C   EMS1102C/JOB00620  CC 0000
105 EMS1102D   EMS1102D/JOB00621  CC 0004
106 EMS1102E   EMS1102E/JOB00622  CC 0004
107 EMS1102F   EMS1102F/JOB00623  CC 0000
108 EPM1102A   EPM1102A/JOB00624  CC 0004
109 EPM1102B   EPM1102B/JOB00625  CC 0004
110 EPM1102C   EPM1102C/JOB00626  CC 0000
111 EPM1102D   EPM1102D/JOB00627  CC 0004
112 EPM1102E   EPM1102E/JOB00628  CC 0004
113 EPM1102F   EPM1102F/JOB00629  CC 0000
114 ESM1102A   ESM1102A/JOB00630  CC 0004
115 ESM1102B   ESM1102B/JOB00631  CC 0004
116 ESM1102C   ESM1102C/JOB00632  CC 0000
117 ESM1102D   ESM1102D/JOB00633  CC 0004
118 ESM1102E   ESM1102E/JOB00634  CC 0004
119 ESM1102F   ESM1102F/JOB00635  CC 0000
120 EST1102A   EST1102A/JOB00636  CC 0004
121 EST1102B   EST1102B/JOB00637  CC 0004
122 EST1102C   EST1102C/JOB00638  CC 0000
123 EST1102D   EST1102D/JOB00639  CC 0004
124 EST1102E   EST1102E/JOB00640  CC 0004
125 EST1102F   EST1102F/JOB00641  CC 0000
126 ESU1102A   ESU1102A/JOB00642  CC 0000
127 ESU1102B   ESU1102B/JOB00643  CC 0000
128 ESU1102C   ESU1102C/JOB00644  CC 0000
129 ESU1102D   ESU1102D/JOB00645  CC 0000
130 ESU1102E   ESU1102E/JOB00646  CC 0000
131 ESU1102F   ESU1102F/JOB00647  CC 0000
132 ESY1400A   ESY1400A/JOB00648  CC 0000
133 ESY1400B   ESY1400B/JOB00649  CC 0004
134 ESY1400C   ESY1400C/JOB00650  CC 0000
135 ESY1400D   ESY1400D/JOB00651  CC 0004
136 ESY1400E   ESY1400E/JOB00652  CC 0004
137 ESY1400F   ESY1400F/JOB00653  CC 0000
138 ETC0108A   ETC0108A/JOB00654  CC 0004
139 ETC0108B   ETC0108B/JOB00655  CC 0004
140 ETC0108C   ETC0108C/JOB00656  CC 0000
141 ETC0108D   ETC0108D/JOB00657  CC 0004
142 ETC0108E   ETC0108E/JOB00658  CC 0004
143 ETC0108F   ETC0108F/JOB00659  CC 0000
144 ETI1106A   ETI1106A/JOB00660  CC 0000
145 ETI1106B   ETI1106B/JOB00661  CC 0004
146 ETI1106C   ETI1106C/JOB00662  CC 0000
147 ETI1106D   ETI1106D/JOB00663  CC 0004
148 ETI1106E   ETI1106E/JOB00664  CC 0004
149 ETI1106F   ETI1106F/JOB00665  CC 0000
150 ETV0108A   ETV0108A/JOB00666  CC 0000
151 ETV0108B   ETV0108B/JOB00667  CC 0004
152 ETV0108C   ETV0108C/JOB00668  CC 0000
153 ETV0108D   ETV0108D/JOB00669  CC 0004
154 ETV0108E   ETV0108E/JOB00670  CC 0004
155 ETV0108F   ETV0108F/JOB00671  CC 0000
156 EUT1102A   EUT1102A/JOB00672  CC 0004
157 EUT1102B   EUT1102B/JOB00673  CC 0004
158 EUT1102C   EUT1102C/JOB00674  CC 0000
159 EUT1102D   EUT1102D/JOB00675  CC 0004
160 EUT1102E   EUT1102E/JOB00676  CC 0004
161 EUT1102F   EUT1102F/JOB00677  CC 0000
162 EVT0108A   EVT0108A/JOB00678  CC 0004
163 EVT0108B   EVT0108B/JOB00679  CC 0004
164 EVT0108C   EVT0108C/JOB00680  CC 0000
165 EVT0108D   EVT0108D/JOB00681  CC 0004
166 EVT0108E   EVT0108E/JOB00682  CC 0004
167 EVT0108F   EVT0108F/JOB00683  CC 0000
168 EXW1102A   EXW1102A/JOB00684  CC 0000
169 EXW1102B   EXW1102B/JOB00685  CC 0004
170 EXW1102C   EXW1102C/JOB00686  CC 0000
171 EXW1102D   EXW1102D/JOB00687  CC 0004
172 EXW1102E   EXW1102E/JOB00688  CC 0004
173 EXW1102F   EXW1102F/JOB00689  CC 0000
174 FBB1221A   FBB1221A/JOB00690  CC 0000
175 FBB1221B   FBB1221B/JOB00691  CC 0004
176 FBB1221C   FBB1221C/JOB00692  CC 0000
177 FBB1221D   FBB1221D/JOB00693  CC 0004
178 FBB1221E   FBB1221E/JOB00694  CC 0004
179 FBB1221F   FBB1221F/JOB00695  CC 0000
180 FDM1133A   FDM1133A/JOB00696  CC 0004
181 FDM1133B   FDM1133B/JOB00697  CC 0004
182 FDM1133C   FDM1133C/JOB00698  CC 0000
183 FDM1133D   FDM1133D/JOB00699  CC 0004
184 FDM1133E   FDM1133E/JOB00700  CC 0004
185 FDM1133F   FDM1133F/JOB00701  CC 0000
186 FDS1122A   FDS1122A/JOB00702  CC 0000
187 FDS1122B   FDS1122B/JOB00703  CC 0004
188 FDS1122C   FDS1122C/JOB00704  CC 0000
189 FDS1122D   FDS1122D/JOB00705  CC 0004
190 FDS1122E   FDS1122E/JOB00706  CC 0004
191 FDS1122F   FDS1122F/JOB00707  CC 0000
192 FDS1133A   FDS1133A/JOB00708  CC 0000
193 FDS1133B   FDS1133B/JOB00709  CC 0004
194 FDS1133C   FDS1133C/JOB00710  CC 0000
195 FDS1133D   FDS1133D/JOB00711  CC 0004
196 FDS1133E   FDS1133E/JOB00712  CC 0004
197 FDS1133F   FDS1133F/JOB00713  CC 0000
198 FDZ1610A   FDZ1610A/JOB00714  CC 0004
199 FDZ1610B   FDZ1610B/JOB00715  CC 0004
200 FDZ1610C   FDZ1610C/JOB00716  CC 0000
201 FDZ1610D   FDZ1610D/JOB00717  CC 0004
202 FDZ1610E   FDZ1610E/JOB00718  CC 0004
203 FDZ1610F   FDZ1610F/JOB00719  CC 0000
204 FUT1133A   FUT1133A/JOB00720  CC 0000
205 FUT1133B   FUT1133B/JOB00721  CC 0004
206 FUT1133C   FUT1133C/JOB00722  CC 0000
207 FUT1133D   FUT1133D/JOB00723  CC 0004
208 FUT1133E   FUT1133E/JOB00724  CC 0004
209 FUT1133F   FUT1133F/JOB00725  CC 0000
210 MAINT01@   MAINT01@/JOB00726  CC 0000
211 MAINT01A   MAINT01A/JOB00727  CC 0008
    kept: SMPOUT(137)
212 MAINT01B   MAINT01B/JOB00728  CC 0008
    kept: COPPRINT(18) UPDPRINT(252) SMPOUT(179)
213 MAINT01C   MAINT01C/JOB00729  CC 0000
214 MAINT01D   MAINT01D/JOB00730  CC 0004
215 MAINT01E   MAINT01E/JOB00731  CC 0004
216 MAINT01F   MAINT01F/JOB00732  CC 0004
217 MAINT02@   MAINT02@/JOB00733  CC 0000
218 MAINT02A   MAINT02A/JOB00734  CC 0008
    kept: SMPOUT(858)
219 MAINT02B   MAINT02B/JOB00735  CC 0008
    kept: UPDPRINT(389408, capped) ASMPRINT(696466, capped) LKDPRINT(1706) SMPOUT(1468)
220 MAINT02C   MAINT02C/JOB00736  CC 0000
221 MAINT02D   MAINT02D/JOB00737  CC 0000
222 MAINT02E   MAINT02E/JOB00738  CC 0004
223 MAINT02F   MAINT02F/JOB00739  CC 0000
224 MAINT03@   MAINT03@/JOB00740  CC 0000
225 MAINT03A   MAINT03A/JOB00741  CC 0008
    kept: SMPOUT(840)
226 MAINT03B   MAINT03B/JOB00742  CC 0008
    kept: UPDPRINT(488703, capped) ASMPRINT(950230, capped) LKDPRINT(2149) SMPOUT(1401)
227 MAINT03C   MAINT03C/JOB00743  CC 0004
228 MAINT03D   MAINT03D/JOB00744  CC 0000
229 MAINT03E   MAINT03E/JOB00745  CC 0004
230 MAINT03F   MAINT03F/JOB00746  CC 0004
231 MAINT04@   MAINT04@/JOB00747  CC 0000
232 MAINT04A   MAINT04A/JOB00748  CC 0008
    kept: SMPOUT(886)
233 MAINT04B   MAINT04B/JOB00749  CC 0008
    kept: UPDPRINT(433468, capped) ASMPRINT(819724, capped) LKDPRINT(1737) SMPOUT(1530)
234 MAINT04C   MAINT04C/JOB00750  CC 0004
235 MAINT04D   MAINT04D/JOB00751  CC 0000
236 MAINT04E   MAINT04E/JOB00752  CC 0004
237 MAINT04F   MAINT04F/JOB00753  CC 0004
238 ZSTAGE1    BLDSTG1/JOB00754  CC 0000
239 ZSTAGE2    ZSTAGE2/JOB00755  CC 0039
    kept: ASMPRINT(49569, capped)
240 ZSTAGE2A   ZSTAGE2A/JOB00756  CC 0000
241 ZSTAGE2B   ZSTAGE2B/JOB00757  CC 0000
242 ZUCLMAC    SMPUCL/JOB00758  CC 0000
243 ZUCLSRC    SMPUCL/JOB00759  CC 0000
244 ZLMDXRND   BLDNDLB/JOB00760  CC 0000
245 ZLMDXRNT   BLDNTGT/JOB00761  CC 0000
246 ZLMDXROD   BLDODLB/JOB00762  CC 0000
247 ZLMDXROT   BLDOTGT/JOB00763  CC 0000
248 ZLMDRPTD   RPTDLB/JOB00764  JCL ERROR
STOP: ZLMDRPTD ended JCL ERROR -- not a condition code. The chain is restartable from $01SMPAL or from this member.
